Running cxxtest tests (1 test)
In Suite::testOne:
GfSetUpThrows.h:24: Error: Test failed: Error in GlobalFixture::setUp()
Failed 1 and Skipped 0 of 1 test
Success rate: 0%
Error level = 1
