Running cxxtest tests (6 tests)<world><test></test>.<test></test>.<test></test>.<test></test>.<test></test>.<test></test>.</world>OK!
Error level = 0
