Running cxxtest tests (1 test)
In IncludesTest::testTraits:
IncludeTest.h:12: Warning: (void *)
IncludeTest.h:13: Warning: (long *)
.OK!
Error level = 0
