Number of suites: 2
Number of tests: 8
Number of failed tests: 7
Number of skipped tests: 0
Error level = 0
