Running cxxtest tests (4 tests)....OK!
Error level = 0
