Running cxxtest tests (1 test)
In HaveStd::testHaveStd:
HaveStd.h:13: Error: Expected (something() == "Something"), found ("something" != Something)
Failed 1 and Skipped 0 of 1 test
Success rate: 0%
Error level = 1
