Running cxxtest tests (1 test)
In SimpleTest::testAddition:
SimpleTest.h:23: Error: Expected (2 + 2 == 5), found (4 != 5)
Failed 1 and Skipped 0 of 1 test
Success rate: 0%
Error level = 1
