Running cxxtest tests (2 tests)
In <no suite>::<no test>:
SetUpWorldError.h:12: Error: Test failed: THIS IS BAD
RealDescriptions.cpp:5: Warning: Error setting up world
OK!
Error level = 0
