Running cxxtest tests (1 test)
In <no suite>::<no test>:
RealDescriptions.cpp:5: Warning: Error setting up world
OK!
Error level = 0
