Running cxxtest tests (2 tests)..OK!
Error level = 0
