Running cxxtest tests (1 test).OK!
Error level = 0
